--- Logging error ---
Traceback (most recent call last):
  File "C:\Program Files\Python312\Lib\logging\__init__.py", line 1163, in emit
    stream.write(msg + self.terminator)
  File "C:\Program Files\Python312\Lib\encodings\cp1252.py", line 19, in encode
    return codecs.charmap_encode(input,self.errors,encoding_table)[0]
           ^^^^^^^^^^^^^^^^^^^^^^^^^^^^^^^^^^^^^^^^^^^^^^^^^^^^^^^
UnicodeEncodeError: 'charmap' codec can't encode character '\u2705' in position 7: character maps to <undefined>
Call stack:
  File "C:\Users\LENOVO\Desktop\naya_project\driver_pulse\pyth\driver-pulse\api.py", line 166, in <module>
    logger.info("\u2705 FastAPI app initialized")
Message: '\u2705 FastAPI app initialized'
Arguments: ()
--- Logging error ---
Traceback (most recent call last):
  File "C:\Program Files\Python312\Lib\logging\__init__.py", line 1163, in emit
    stream.write(msg + self.terminator)
  File "C:\Program Files\Python312\Lib\encodings\cp1252.py", line 19, in encode
    return codecs.charmap_encode(input,self.errors,encoding_table)[0]
           ^^^^^^^^^^^^^^^^^^^^^^^^^^^^^^^^^^^^^^^^^^^^^^^^^^^^^^^
UnicodeEncodeError: 'charmap' codec can't encode character '\U0001f680' in position 7: character maps to <undefined>
Call stack:
  File "C:\Users\LENOVO\Desktop\naya_project\driver_pulse\pyth\driver-pulse\api.py", line 574, in <module>
    logger.info(f"\U0001f680 Starting Driver Pulse API on {args.host}:{args.port}")
Message: '\U0001f680 Starting Driver Pulse API on 127.0.0.1:8000'
Arguments: ()
--- Logging error ---
Traceback (most recent call last):
  File "C:\Program Files\Python312\Lib\logging\__init__.py", line 1163, in emit
    stream.write(msg + self.terminator)
  File "C:\Program Files\Python312\Lib\encodings\cp1252.py", line 19, in encode
    return codecs.charmap_encode(input,self.errors,encoding_table)[0]
           ^^^^^^^^^^^^^^^^^^^^^^^^^^^^^^^^^^^^^^^^^^^^^^^^^^^^^^^
UnicodeEncodeError: 'charmap' codec can't encode character '\U0001f4da' in position 7: character maps to <undefined>
Call stack:
  File "C:\Users\LENOVO\Desktop\naya_project\driver_pulse\pyth\driver-pulse\api.py", line 575, in <module>
    logger.info(f"\U0001f4da API Docs: http://{args.host}:{args.port}/docs")
Message: '\U0001f4da API Docs: http://127.0.0.1:8000/docs'
Arguments: ()
--- Logging error ---
Traceback (most recent call last):
  File "C:\Program Files\Python312\Lib\logging\__init__.py", line 1163, in emit
    stream.write(msg + self.terminator)
  File "C:\Program Files\Python312\Lib\encodings\cp1252.py", line 19, in encode
    return codecs.charmap_encode(input,self.errors,encoding_table)[0]
           ^^^^^^^^^^^^^^^^^^^^^^^^^^^^^^^^^^^^^^^^^^^^^^^^^^^^^^^
UnicodeEncodeError: 'charmap' codec can't encode character '\U0001f4ca' in position 7: character maps to <undefined>
Call stack:
  File "C:\Users\LENOVO\Desktop\naya_project\driver_pulse\pyth\driver-pulse\api.py", line 576, in <module>
    logger.info(f"\U0001f4ca Health Check: http://{args.host}:{args.port}/health")
Message: '\U0001f4ca Health Check: http://127.0.0.1:8000/health'
Arguments: ()
--- Logging error ---
Traceback (most recent call last):
  File "C:\Program Files\Python312\Lib\logging\__init__.py", line 1163, in emit
    stream.write(msg + self.terminator)
  File "C:\Program Files\Python312\Lib\encodings\cp1252.py", line 19, in encode
    return codecs.charmap_encode(input,self.errors,encoding_table)[0]
           ^^^^^^^^^^^^^^^^^^^^^^^^^^^^^^^^^^^^^^^^^^^^^^^^^^^^^^^
UnicodeEncodeError: 'charmap' codec can't encode character '\u2705' in position 7: character maps to <undefined>
Call stack:
  File "C:\Users\LENOVO\Desktop\naya_project\driver_pulse\pyth\driver-pulse\api.py", line 578, in <module>
    uvicorn.run(
  File "C:\Users\LENOVO\Desktop\naya_project\pyth\.venv\Lib\site-packages\uvicorn\main.py", line 575, in run
    server.run()
  File "C:\Users\LENOVO\Desktop\naya_project\pyth\.venv\Lib\site-packages\uvicorn\server.py", line 65, in run
    return asyncio.run(self.serve(sockets=sockets))
  File "C:\Program Files\Python312\Lib\asyncio\runners.py", line 194, in run
    return runner.run(main)
  File "C:\Program Files\Python312\Lib\asyncio\runners.py", line 118, in run
    return self._loop.run_until_complete(task)
  File "C:\Program Files\Python312\Lib\asyncio\base_events.py", line 674, in run_until_complete
    self.run_forever()
  File "C:\Program Files\Python312\Lib\asyncio\windows_events.py", line 322, in run_forever
    super().run_forever()
  File "C:\Program Files\Python312\Lib\asyncio\base_events.py", line 641, in run_forever
    self._run_once()
  File "C:\Program Files\Python312\Lib\asyncio\base_events.py", line 1986, in _run_once
    handle._run()
  File "C:\Program Files\Python312\Lib\asyncio\events.py", line 88, in _run
    self._context.run(self._callback, *self._args)
  File "C:\Users\LENOVO\Desktop\naya_project\pyth\.venv\Lib\site-packages\uvicorn\server.py", line 69, in serve
    await self._serve(sockets)
  File "C:\Users\LENOVO\Desktop\naya_project\pyth\.venv\Lib\site-packages\uvicorn\server.py", line 76, in _serve
    config.load()
  File "C:\Users\LENOVO\Desktop\naya_project\pyth\.venv\Lib\site-packages\uvicorn\config.py", line 433, in load
    self.loaded_app = import_from_string(self.app)
  File "C:\Users\LENOVO\Desktop\naya_project\pyth\.venv\Lib\site-packages\uvicorn\importer.py", line 19, in import_from_string
    module = importlib.import_module(module_str)
  File "C:\Program Files\Python312\Lib\importlib\__init__.py", line 90, in import_module
    return _bootstrap._gcd_import(name[level:], package, level)
  File "<frozen importlib._bootstrap>", line 1387, in _gcd_import
  File "<frozen importlib._bootstrap>", line 1360, in _find_and_load
  File "<frozen importlib._bootstrap>", line 1331, in _find_and_load_unlocked
  File "<frozen importlib._bootstrap>", line 935, in _load_unlocked
  File "<frozen importlib._bootstrap_external>", line 995, in exec_module
  File "<frozen importlib._bootstrap>", line 488, in _call_with_frames_removed
  File "C:\Users\LENOVO\Desktop\naya_project\driver_pulse\pyth\driver-pulse\api.py", line 166, in <module>
    logger.info("\u2705 FastAPI app initialized")
Message: '\u2705 FastAPI app initialized'
Arguments: ()
INFO:     Started server process [3108]
INFO:     Waiting for application startup.
INFO:     Application startup complete.
INFO:     Uvicorn running on http://127.0.0.1:8000 (Press CTRL+C to quit)
