
> client@0.0.0 dev
> vite


  [32m[1mVITE[22m v6.4.1[39m  [2mready in [0m[1m2047[22m[2m[0m ms[22m

  [32m➜[39m  [1mLocal[22m:   [36mhttp://localhost:[1m5173[22m/[39m
[2m  [32m➜[39m  [1mNetwork[22m[2m: use [22m[1m--host[22m[2m to expose[22m
[2m[32m  ➜[39m[22m[2m  press [22m[1mh + enter[22m[2m to show help[22m
[2m3:08:29 pm[22m [36m[1m[vite][22m[39m [90m[2m(client)[22m[39m [32mhmr update [39m[2m/src/components/Sidebar.jsx, /src/index.css[22m
[2m3:08:29 pm[22m [36m[1m[vite][22m[39m [90m[2m(client)[22m[39m [32mhmr update [39m[2m/src/components/Sidebar.jsx, /src/index.css[22m
[2m3:08:37 pm[22m [36m[1m[vite][22m[39m [90m[2m(client)[22m[39m [32mhmr update [39m[2m/src/pages/Dashboard.jsx, /src/index.css[22m
[2m3:50:05 pm[22m [36m[1m[vite][22m[39m [90m[2m(client)[22m[39m [32mhmr update [39m[2m/src/components/AdminFlaggedPanel.jsx, /src/index.css, /src/pages/Dashboard.jsx, /src/components/ConsoleOverlay.jsx, /src/components/AnalyticsOverlay.jsx, /src/components/MainContentArea.jsx[22m
[2m3:50:05 pm[22m [36m[1m[vite][22m[39m [90m[2m(client)[22m[39m [32mhmr update [39m[2m/src/components/NotificationPanel.jsx, /src/index.css[22m
[2m3:50:05 pm[22m [36m[1m[vite][22m[39m [90m[2m(client)[22m[39m [32mhmr update [39m[2m/src/pages/Dashboard.jsx, /src/index.css[22m
[2m3:50:05 pm[22m [36m[1m[vite][22m[39m [32mvite.config.js changed, restarting server...[39m
[2m3:50:05 pm[22m [36m[1m[vite][22m[39m [90m[2m(client)[22m[39m [32mhmr update [39m[2m/src/components/AdminFlaggedPanel.jsx, /src/index.css, /src/pages/Dashboard.jsx, /src/components/ConsoleOverlay.jsx, /src/components/AnalyticsOverlay.jsx, /src/components/MainContentArea.jsx[22m
[2m3:50:05 pm[22m [36m[1m[vite][22m[39m [90m[2m(client)[22m[39m [32mhmr update [39m[2m/src/components/MainContentArea.jsx, /src/index.css[22m
[2m3:50:05 pm[22m [36m[1m[vite][22m[39m [90m[2m(client)[22m[39m [32mhmr update [39m[2m/src/components/NotificationPanel.jsx, /src/index.css[22m
[2m3:50:05 pm[22m [36m[1m[vite][22m[39m [90m[2m(client)[22m[39m [32mhmr update [39m[2m/src/components/Sidebar.jsx, /src/index.css[22m
[2m3:50:05 pm[22m [36m[1m[vite][22m[39m [90m[2m(client)[22m[39m [32mhmr update [39m[2m/src/pages/Dashboard.jsx, /src/index.css[22m
[2m3:50:05 pm[22m [36m[1m[vite][22m[39m [32mvite.config.js changed, restarting server...[39m
[2m3:50:05 pm[22m [36m[1m[vite][22m[39m [90m[2m(client)[22m[39m [32mpage reload [39m[2m.env.example[22m
[2m3:50:08 pm[22m [36m[1m[vite][22m[39m server restarted.
[2m4:04:08 pm[22m [36m[1m[vite][22m[39m [90m[2m(client)[22m[39m [32mhmr update [39m[2m/@fs/C:\Users\LENOVO\Desktop\naya_project\driver_pulse\client\src\components\Header.jsx, /src/index.css[22m
[2m4:04:58 pm[22m [36m[1m[vite][22m[39m [90m[2m(client)[22m[39m [32mhmr update [39m[2m/@fs/C:\Users\LENOVO\Desktop\naya_project\driver_pulse\client\src\components\Header.jsx, /src/index.css[22m
[2m4:04:58 pm[22m [36m[1m[vite][22m[39m [90m[2m(client)[22m[39m [32mhmr update [39m[2m/@fs/C:\Users\LENOVO\Desktop\naya_project\driver_pulse\client\src\components\Header.jsx, /src/index.css[22m
